../Core/Src/OLED.c:98:6:OLED_W_SCL	16	static
../Core/Src/OLED.c:115:6:OLED_W_SDA	16	static
../Core/Src/OLED.c:131:6:OLED_GPIO_Init	40	static
../Core/Src/OLED.c:171:6:OLED_I2C_Start	8	static
../Core/Src/OLED.c:184:6:OLED_I2C_Stop	8	static
../Core/Src/OLED.c:196:6:OLED_I2C_SendByte	24	static
../Core/Src/OLED.c:219:6:OLED_WriteCommand	16	static
../Core/Src/OLED.c:234:6:OLED_WriteData	24	static
../Core/Src/OLED.c:260:6:OLED_Init	8	static
../Core/Src/OLED.c:311:6:OLED_SetCursor	16	static
../Core/Src/OLED.c:338:10:OLED_Pow	24	static
../Core/Src/OLED.c:355:9:OLED_pnpoly	32	static
../Core/Src/OLED.c:379:9:OLED_IsInAngle	32	static
../Core/Src/OLED.c:416:6:OLED_Update	16	static
../Core/Src/OLED.c:443:6:OLED_UpdateArea	32	static
../Core/Src/OLED.c:470:6:OLED_Clear	16	static
../Core/Src/OLED.c:491:6:OLED_ClearArea	24	static
../Core/Src/OLED.c:516:6:OLED_Reverse	16	static
../Core/Src/OLED.c:537:6:OLED_ReverseArea	24	static
../Core/Src/OLED.c:567:6:OLED_ShowChar	32	static
../Core/Src/OLED.c:592:6:OLED_ShowString	24	static
../Core/Src/OLED.c:614:6:OLED_ShowNum	32	static
../Core/Src/OLED.c:638:6:OLED_ShowSignedNum	32	static
../Core/Src/OLED.c:675:6:OLED_ShowHexNum	24	static
../Core/Src/OLED.c:710:6:OLED_ShowBinNum	32	static
../Core/Src/OLED.c:735:6:OLED_ShowFloatNum	56	static
../Core/Src/OLED.c:773:6:OLED_ShowChinese	32	static
../Core/Src/OLED.c:817:6:OLED_ShowImage	32	static
../Core/Src/OLED.c:864:6:OLED_Printf	60	static
../Core/Src/OLED.c:883:6:OLED_DrawPoint	16	static
../Core/Src/OLED.c:899:9:OLED_GetPoint	16	static
../Core/Src/OLED.c:923:6:OLED_DrawLine	56	static
../Core/Src/OLED.c:1037:6:OLED_DrawRectangle	32	static
../Core/Src/OLED.c:1084:6:OLED_DrawTriangle	56	static
../Core/Src/OLED.c:1139:6:OLED_DrawCircle	32	static
../Core/Src/OLED.c:1223:6:OLED_DrawEllipse	56	static
../Core/Src/OLED.c:1336:6:OLED_DrawArc	32	static
